<html>
<body>
<pre>
<h1>µVision Build Log</h1>
<h2>Tool Versions:</h2>
IDE-Version: ¦ÌVision V5.33.0.0
Copyright (C) 2020 ARM Ltd and ARM Germany GmbH. All rights reserved.
License Information: 111 HIT2200200929, 111, LIC=TIVNB-2L784-LQ90Q-NXYAH-7FG86-3GIQS
 
Tool Versions:
Toolchain:       MDK-ARM Plus  Version: 5.33.0.0
Toolchain Path:  D:\2.Work\2.1 Professional Software\2.1.13 Keil_v5\ARM\ARMCC\Bin
C Compiler:      Armcc.exe V5.06 update 7 (build 960)
Assembler:       Armasm.exe V5.06 update 7 (build 960)
Linker/Locator:  ArmLink.exe V5.06 update 7 (build 960)
Library Manager: ArmAr.exe V5.06 update 7 (build 960)
Hex Converter:   FromElf.exe V5.06 update 7 (build 960)
CPU DLL:         SARMCM3.DLL V5.33.0.0
Dialog DLL:      DCM.DLL V1.17.3.0
Target DLL:      STLink\ST-LINKIII-KEIL_SWO.dll V3.0.8.0
Dialog DLL:      TCM.DLL V1.48.0.0
 
<h2>Project:</h2>
C:\Users\HIT2200200929\Desktop\TB6600\USER\Template.uvprojx
Project File Date:  03/12/2022

<h2>Output:</h2>
*** Using Compiler 'V5.06 update 7 (build 960)', folder: 'D:\2.Work\2.1 Professional Software\2.1.13 Keil_v5\ARM\ARMCC\Bin'
Build target 'Template'
compiling StepMotor.c...
..\HARDWARE\StepMotor.h(9): warning:  #1-D: last line of file ends without a newline
  #endif
..\HARDWARE\StepMotor.c: 1 warning, 0 errors
linking...
Program Size: Code=1384 RO-data=336 RW-data=8 ZI-data=1832  
FromELF: creating hex file...
"..\OBJ\Template.axf" - 0 Error(s), 1 Warning(s).

<h2>Software Packages used:</h2>

Package Vendor: Keil
                http://www.keil.com/pack/Keil.STM32F1xx_DFP.2.0.0.pack
                Keil.STM32F1xx_DFP.2.0.0
                STMicroelectronics STM32F1 Series Device Support, Drivers and Examples

<h2>Collection of Component include folders:</h2>
  D:\2.Work\2.1 Professional Software\2.1.13 Keil_v5\Packs\Keil\STM32F1xx_DFP\2.0.0\Device\Include

<h2>Collection of Component Files used:</h2>
Build Time Elapsed:  00:00:00
</pre>
</body>
</html>
